<?xml version="1.0" encoding="utf-8"?>
<TestRun id="094b0630-b322-4437-a960-4a802624ea7f" name="mdraiyanalam@DESKTOP-79PFN7J 2026-07-24 18:48:40" runUser="DESKTOP-79PFN7J\mdraiyanalam" xmlns="http://microsoft.com/schemas/VisualStudio/TeamTest/2010">
  <Times creation="2026-07-24T18:48:40.8399687+06:00" queuing="2026-07-24T18:48:40.8399692+06:00" start="2026-07-24T18:48:40.6601163+06:00" finish="2026-07-24T18:48:40.8403072+06:00" />
  <TestSettings name="default" id="c24e923c-d3b6-4031-b65a-7c01a6697d18">
    <Deployment runDeploymentRoot="mdraiyanalam_DESKTOP-79PFN7J_2026-07-24_18_48_40" />
  </TestSettings>
  <TestLists>
    <TestList name="Results Not in a List" id="8c84fa94-04c1-424b-9868-57a2d4851a1d" />
    <TestList name="All Loaded Results" id="19431567-8539-422a-85d7-44ee4e166bda" />
  </TestLists>
  <ResultSummary outcome="Failed">
    <Counters total="0" executed="0" passed="0" failed="0" error="0" timeout="0" aborted="0" inconclusive="0" passedButRunAborted="0" notRunnable="0" notExecuted="0" disconnected="0" warning="0" completed="0" inProgress="0" pending="0" />
    <Output>
      <StdOut>Error:&#xD;
  An assembly specified in the application dependencies manifest (UiTests.deps.json) was not found:&#xD;
    package: 'xunit.abstractions', version: '2.0.3'&#xD;
    path: 'lib/netstandard2.0/xunit.abstractions.dll'&#xD;
</StdOut>
    </Output>
    <RunInfos>
      <RunInfo computerName="DESKTOP-79PFN7J" outcome="Error" timestamp="2026-07-24T18:48:40.8046375+06:00">
        <Text>Testhost process for source(s) 'C:\Users\mdraiyanalam\.copilot\repos\copilot-worktrees\task05MusicStoreShowroom\gekapo3691-animated-enigma\Tests\UiTests\bin\Debug\net8.0\UiTests.dll' exited with error: Error:&#xD;
  An assembly specified in the application dependencies manifest (UiTests.deps.json) was not found:&#xD;
    package: 'xunit.abstractions', version: '2.0.3'&#xD;
    path: 'lib/netstandard2.0/xunit.abstractions.dll'&#xD;
. Please check the diagnostic logs for more information.</Text>
      </RunInfo>
    </RunInfos>
  </ResultSummary>
</TestRun>